node.exe : Loaded 
Prisma config from 
prisma.config.ts.
At line:1 char:1
+ & "C:\Program Files\
nodejs/node.exe" 
"C:\Program 
Files\nodejs/node_mo 
...
+ ~~~~~~~~~~~~~~~~~~~~
~~~~~~~~~~~~~~~~~~~~~~
~~~~~~~~~~~~~~~~~~~~~~
~~~~~
    + CategoryInfo    
          : NotSpeci  
  fied: (Loaded Pri   
 sma c...isma.conf    
ig.ts.:String) []    
, RemoteException
    + FullyQualifiedE 
   rrorId : NativeCo  
  mmandError
 

Prisma schema loaded 
from 
prisma\schema.prisma.
Datasource "db": PostgreSQL database "postgres", schema "public" at "aws-0-eu-west-1.pooler.supabase.com:5432"

Your database is now in sync with your Prisma schema. Done in 8.70s

